To honour the JVM settings for this build a single-use Daemon process will be forked. For more on this, please refer to https://docs.gradle.org/8.7/userguide/gradle_daemon.html#sec:disabling_the_daemon in the Gradle documentation.
Daemon will be stopped at the end of the build 

> Configure project :app
WARNING: Using flatDir should be avoided because it doesn't support any meta-data formats.

> Configure project :capacitor-cordova-android-plugins
WARNING: Using flatDir should be avoided because it doesn't support any meta-data formats.
Warning: SDK processing. This version only understands SDK XML versions up to 3 but an SDK XML file of version 4 was encountered. This can happen if you use versions of Android Studio and the command-line tools that were released at different times.

> Task :clean UP-TO-DATE
> Task :app:clean
> Task :capacitor-android:clean
> Task :capacitor-community-speech-recognition:clean
> Task :capacitor-cordova-android-plugins:clean UP-TO-DATE
> Task :capacitor-device:clean
> Task :capacitor-push-notifications:clean
> Task :capacitor-toast:clean
> Task :app:preBuild UP-TO-DATE
> Task :app:preDebugBuild UP-TO-DATE
> Task :app:mergeDebugNativeDebugMetadata NO-SOURCE
> Task :capacitor-android:preBuild UP-TO-DATE
> Task :capacitor-android:preDebugBuild UP-TO-DATE
> Task :capacitor-community-speech-recognition:preBuild UP-TO-DATE
> Task :capacitor-community-speech-recognition:preDebugBuild UP-TO-DATE
> Task :capacitor-cordova-android-plugins:preBuild UP-TO-DATE
> Task :capacitor-cordova-android-plugins:preDebugBuild UP-TO-DATE
> Task :capacitor-device:preBuild UP-TO-DATE
> Task :capacitor-device:preDebugBuild UP-TO-DATE
> Task :capacitor-push-notifications:preBuild UP-TO-DATE
> Task :capacitor-push-notifications:preDebugBuild UP-TO-DATE
> Task :capacitor-toast:preBuild UP-TO-DATE
> Task :capacitor-toast:preDebugBuild UP-TO-DATE
> Task :app:javaPreCompileDebug
> Task :capacitor-toast:writeDebugAarMetadata
> Task :capacitor-device:writeDebugAarMetadata
> Task :capacitor-android:writeDebugAarMetadata
> Task :capacitor-push-notifications:writeDebugAarMetadata
> Task :capacitor-community-speech-recognition:writeDebugAarMetadata
> Task :capacitor-cordova-android-plugins:writeDebugAarMetadata
> Task :app:generateDebugResValues
> Task :capacitor-android:generateDebugResValues
> Task :capacitor-android:generateDebugResources
> Task :app:checkDebugAarMetadata
> Task :capacitor-android:packageDebugResources
> Task :capacitor-community-speech-recognition:generateDebugResValues
> Task :capacitor-community-speech-recognition:generateDebugResources
> Task :capacitor-community-speech-recognition:packageDebugResources
> Task :capacitor-cordova-android-plugins:generateDebugResValues
> Task :capacitor-cordova-android-plugins:generateDebugResources
> Task :capacitor-cordova-android-plugins:packageDebugResources
> Task :capacitor-device:generateDebugResValues
> Task :capacitor-device:generateDebugResources
> Task :capacitor-device:packageDebugResources
> Task :capacitor-push-notifications:generateDebugResValues
> Task :capacitor-push-notifications:generateDebugResources
> Task :capacitor-push-notifications:packageDebugResources
> Task :capacitor-toast:generateDebugResValues
> Task :capacitor-toast:generateDebugResources
> Task :capacitor-toast:packageDebugResources
> Task :app:mapDebugSourceSetPaths
> Task :app:generateDebugResources
> Task :app:packageDebugResources
> Task :app:mergeDebugResources
> Task :app:createDebugCompatibleScreenManifests
> Task :app:extractDeepLinksDebug
> Task :capacitor-android:extractDeepLinksDebug
> Task :capacitor-community-speech-recognition:extractDeepLinksDebug
> Task :app:parseDebugLocalResources
> Task :capacitor-cordova-android-plugins:extractDeepLinksDebug
> Task :capacitor-device:extractDeepLinksDebug
> Task :capacitor-push-notifications:extractDeepLinksDebug
> Task :capacitor-toast:extractDeepLinksDebug
> Task :capacitor-android:compileDebugLibraryResources
> Task :capacitor-push-notifications:processDebugManifest
> Task :capacitor-android:processDebugManifest
> Task :capacitor-community-speech-recognition:processDebugManifest
> Task :capacitor-device:processDebugManifest
> Task :capacitor-community-speech-recognition:compileDebugLibraryResources
> Task :capacitor-cordova-android-plugins:processDebugManifest
> Task :capacitor-toast:processDebugManifest
> Task :capacitor-android:parseDebugLocalResources
> Task :capacitor-community-speech-recognition:parseDebugLocalResources
> Task :app:processDebugMainManifest
> Task :app:processDebugManifest
> Task :capacitor-cordova-android-plugins:compileDebugLibraryResources
> Task :capacitor-cordova-android-plugins:parseDebugLocalResources
> Task :capacitor-device:compileDebugLibraryResources
> Task :capacitor-device:parseDebugLocalResources
> Task :capacitor-cordova-android-plugins:generateDebugRFile
> Task :capacitor-community-speech-recognition:generateDebugRFile
> Task :capacitor-android:generateDebugRFile
> Task :capacitor-device:generateDebugRFile
> Task :capacitor-push-notifications:compileDebugLibraryResources
> Task :capacitor-push-notifications:parseDebugLocalResources
> Task :capacitor-toast:compileDebugLibraryResources
> Task :capacitor-push-notifications:generateDebugRFile
> Task :capacitor-android:javaPreCompileDebug
> Task :capacitor-toast:parseDebugLocalResources
> Task :capacitor-community-speech-recognition:javaPreCompileDebug
> Task :capacitor-toast:generateDebugRFile

> Task :capacitor-android:compileDebugJavaWithJavac
Note: Some input files use unchecked or unsafe operations.
Note: Recompile with -Xlint:unchecked for details.

> Task :capacitor-cordova-android-plugins:javaPreCompileDebug
> Task :capacitor-device:javaPreCompileDebug
> Task :capacitor-cordova-android-plugins:compileDebugJavaWithJavac NO-SOURCE
> Task :capacitor-cordova-android-plugins:bundleLibCompileToJarDebug
> Task :capacitor-push-notifications:javaPreCompileDebug
> Task :capacitor-toast:javaPreCompileDebug
> Task :capacitor-android:bundleLibCompileToJarDebug
> Task :app:mergeDebugShaders
> Task :capacitor-community-speech-recognition:compileDebugJavaWithJavac
> Task :capacitor-community-speech-recognition:bundleLibCompileToJarDebug
> Task :capacitor-device:compileDebugJavaWithJavac
> Task :capacitor-device:bundleLibCompileToJarDebug
> Task :capacitor-push-notifications:compileDebugJavaWithJavac FAILED
> Task :app:processDebugManifestForPackage

FAILURE: Build failed with an exception.

* What went wrong:
Execution failed for task ':capacitor-push-notifications:compileDebugJavaWithJavac'.
> error: invalid source release: 21

* Try:
> Run with --stacktrace option to get the stack trace.
> Run with --info or --debug option to get more log output.
> Run with --scan to get full insights.
> Get more help at https://help.gradle.org.

BUILD FAILED in 19s
83 actionable tasks: 81 executed, 2 up-to-date
