To honour the JVM settings for this build a single-use Daemon process will be forked. For more on this, please refer to https://docs.gradle.org/8.2.1/userguide/gradle_daemon.html#sec:disabling_the_daemon in the Gradle documentation.
Daemon will be stopped at the end of the build 

> Configure project :app
WARNING: Using flatDir should be avoided because it doesn't support any meta-data formats.

> Configure project :capacitor-cordova-android-plugins
WARNING: Using flatDir should be avoided because it doesn't support any meta-data formats.

FAILURE: Build failed with an exception.

* What went wrong:
A problem occurred configuring project ':capacitor-push-notifications'.
> java.util.concurrent.ExecutionException: org.gradle.api.GradleException: Failed to create Jar file C:\Users\jensv\.gradle\caches\jars-9\18366b31678c0171857be093a3b8ec22\bcprov-jdk18on-1.79.jar.

* Try:
> Run with --stacktrace option to get the stack trace.
> Run with --info or --debug option to get more log output.
> Run with --scan to get full insights.
> Get more help at https://help.gradle.org.

BUILD FAILED in 6s
